// Jest Snapshot v1, https://goo.gl/fbAQLP

exports[`SearchResults renders correctly 1`] = `
<DocumentFragment>
  <img
    alt="spaceImage"
    class="card-image"
    src="image1.jpeg"
  />
  <img
    alt="spaceImage"
    class="card-image"
    src="image2.jpeg"
  />
  <img
    alt="spaceImage"
    class="card-image"
    src="image3.jpeg"
  />
</DocumentFragment>
`;
